{"txid": "443c7d94-ee5e-4309-b642-b2cfa0fd1b74", "op": "BEGIN", "table": null, "payload": {}}
{"txid": "443c7d94-ee5e-4309-b642-b2cfa0fd1b74", "op": "INSERT", "table": "t", "payload": {"values": ["1", "Alice", "20"]}}
{"txid": "443c7d94-ee5e-4309-b642-b2cfa0fd1b74", "op": "COMMIT", "table": null, "payload": {}}
{"txid": "5a5c5c1d-a746-49ab-a60d-ba4b2f5a7d78", "op": "BEGIN", "table": null, "payload": {}}
{"txid": "5a5c5c1d-a746-49ab-a60d-ba4b2f5a7d78", "op": "INSERT", "table": "t", "payload": {"values": ["2", "Bob", "21"]}}
{"txid": "5a5c5c1d-a746-49ab-a60d-ba4b2f5a7d78", "op": "COMMIT", "table": null, "payload": {}}
{"txid": "864a5e28-288e-41cc-b887-2277a6710ab0", "op": "BEGIN", "table": null, "payload": {}}
{"txid": "864a5e28-288e-41cc-b887-2277a6710ab0", "op": "INSERT", "table": "t", "payload": {"values": ["3", "Carol", "20"]}}
{"txid": "864a5e28-288e-41cc-b887-2277a6710ab0", "op": "COMMIT", "table": null, "payload": {}}
{"txid": "63fd6241-1bfd-47fd-a5eb-2061c79e66d7", "op": "BEGIN", "table": null, "payload": {}}
{"txid": "63fd6241-1bfd-47fd-a5eb-2061c79e66d7", "op": "INSERT", "table": "t", "payload": {"values": ["4", "Dave", "25"]}}
{"txid": "63fd6241-1bfd-47fd-a5eb-2061c79e66d7", "op": "COMMIT", "table": null, "payload": {}}
{"txid": "53f6c654-55ad-4896-9d96-5b411789ec86", "op": "BEGIN", "table": null, "payload": {}}
{"txid": "53f6c654-55ad-4896-9d96-5b411789ec86", "op": "INSERT", "table": "t_opt", "payload": {"values": ["1", "Alice", "20"]}}
{"txid": "53f6c654-55ad-4896-9d96-5b411789ec86", "op": "COMMIT", "table": null, "payload": {}}
{"txid": "78f3ca10-4986-48a5-84f2-239821fbf508", "op": "BEGIN", "table": null, "payload": {}}
{"txid": "78f3ca10-4986-48a5-84f2-239821fbf508", "op": "INSERT", "table": "t_opt", "payload": {"values": ["2", "Bob", "21"]}}
{"txid": "78f3ca10-4986-48a5-84f2-239821fbf508", "op": "COMMIT", "table": null, "payload": {}}
{"txid": "70fcec29-f9b2-4b25-917f-dd105e95cf9b", "op": "BEGIN", "table": null, "payload": {}}
{"txid": "70fcec29-f9b2-4b25-917f-dd105e95cf9b", "op": "INSERT", "table": "t_opt", "payload": {"values": ["3", "Carol", "20"]}}
{"txid": "70fcec29-f9b2-4b25-917f-dd105e95cf9b", "op": "COMMIT", "table": null, "payload": {}}
{"txid": "c08d1400-6445-4406-b5eb-8494f415f63b", "op": "BEGIN", "table": null, "payload": {}}
{"txid": "c08d1400-6445-4406-b5eb-8494f415f63b", "op": "INSERT", "table": "t_opt", "payload": {"values": ["5", "Eva", "30"]}}
{"txid": "c08d1400-6445-4406-b5eb-8494f415f63b", "op": "ABORT", "table": null, "payload": {}}
{"txid": "1a5d61fd-765c-4765-a110-66744404a60b", "op": "BEGIN", "table": null, "payload": {}}
{"txid": "1a5d61fd-765c-4765-a110-66744404a60b", "op": "INSERT", "table": "t_opt", "payload": {"values": ["6", "Frank", "30"]}}
{"txid": "1a5d61fd-765c-4765-a110-66744404a60b", "op": "COMMIT", "table": null, "payload": {}}
{"txid": "5ea718f0-8d29-4ddd-9c4b-d487a93647ac", "op": "BEGIN", "table": null, "payload": {}}
{"txid": "5ea718f0-8d29-4ddd-9c4b-d487a93647ac", "op": "INSERT", "table": "mvcc_t", "payload": {"values": ["1", "A"]}}
{"txid": "5ea718f0-8d29-4ddd-9c4b-d487a93647ac", "op": "COMMIT", "table": null, "payload": {}}
{"txid": "16e53830-774b-436c-99f0-1cbe5744f1fd", "op": "BEGIN", "table": null, "payload": {}}
{"txid": "16e53830-774b-436c-99f0-1cbe5744f1fd", "op": "INSERT", "table": "mvcc_t", "payload": {"values": ["2", "B"]}}
{"txid": "16e53830-774b-436c-99f0-1cbe5744f1fd", "op": "COMMIT", "table": null, "payload": {}}
{"txid": "0cfb235f-648b-48fc-b038-1b864864030f", "op": "BEGIN", "table": null, "payload": {}}
{"txid": "0cfb235f-648b-48fc-b038-1b864864030f", "op": "INSERT", "table": "mvcc_t", "payload": {"values": ["5", "E"]}}
{"txid": "0cfb235f-648b-48fc-b038-1b864864030f", "op": "ABORT", "table": null, "payload": {}}
{"txid": "1472cb69-cbe0-4a56-b593-17a8f0c392e2", "op": "BEGIN", "table": null, "payload": {}}
{"txid": "1472cb69-cbe0-4a56-b593-17a8f0c392e2", "op": "INSERT", "table": "mvcc_t", "payload": {"values": ["6", "F"]}}
{"txid": "1472cb69-cbe0-4a56-b593-17a8f0c392e2", "op": "COMMIT", "table": null, "payload": {}}
{"txid": "2a9c2f2b-d196-4903-b06b-e55bc0a6c35c", "op": "BEGIN", "table": null, "payload": {}}
{"txid": "2a9c2f2b-d196-4903-b06b-e55bc0a6c35c", "op": "ABORT", "table": null, "payload": {}}
{"txid": "b48abb83-6b94-4e9b-b502-b94c76fabf2b", "op": "BEGIN", "table": null, "payload": {}}
{"txid": "b48abb83-6b94-4e9b-b502-b94c76fabf2b", "op": "COMMIT", "table": null, "payload": {}}
{"txid": "51de4144-b69b-4961-ad73-b9b9b610dfd1", "op": "BEGIN", "table": null, "payload": {}}
{"txid": "51de4144-b69b-4961-ad73-b9b9b610dfd1", "op": "INSERT", "table": "mvcc_t", "payload": {"values": ["1", "A"]}}
{"txid": "51de4144-b69b-4961-ad73-b9b9b610dfd1", "op": "COMMIT", "table": null, "payload": {}}
{"txid": "ef5eae73-1602-452c-9448-c3e6920259f1", "op": "BEGIN", "table": null, "payload": {}}
{"txid": "ef5eae73-1602-452c-9448-c3e6920259f1", "op": "INSERT", "table": "mvcc_t", "payload": {"values": ["2", "B"]}}
{"txid": "ef5eae73-1602-452c-9448-c3e6920259f1", "op": "COMMIT", "table": null, "payload": {}}
{"txid": "8c8dcd78-7cc9-4dbf-aa99-cd57ca8b2f5d", "op": "BEGIN", "table": null, "payload": {}}
{"txid": "8c8dcd78-7cc9-4dbf-aa99-cd57ca8b2f5d", "op": "INSERT", "table": "mvcc_t", "payload": {"values": ["5", "E"]}}
{"txid": "8c8dcd78-7cc9-4dbf-aa99-cd57ca8b2f5d", "op": "ABORT", "table": null, "payload": {}}
{"txid": "6061d926-1afc-4f4a-ad7e-6d7b5bfc3543", "op": "BEGIN", "table": null, "payload": {}}
{"txid": "6061d926-1afc-4f4a-ad7e-6d7b5bfc3543", "op": "INSERT", "table": "mvcc_t", "payload": {"values": ["6", "F"]}}
{"txid": "6061d926-1afc-4f4a-ad7e-6d7b5bfc3543", "op": "COMMIT", "table": null, "payload": {}}
{"txid": "50c8799a-bf26-4a40-8685-bef5854e34f1", "op": "BEGIN", "table": null, "payload": {}}
{"txid": "50c8799a-bf26-4a40-8685-bef5854e34f1", "op": "ABORT", "table": null, "payload": {}}
{"txid": "85406d25-5334-42c4-9bf0-f6fee265fb5d", "op": "BEGIN", "table": null, "payload": {}}
{"txid": "85406d25-5334-42c4-9bf0-f6fee265fb5d", "op": "COMMIT", "table": null, "payload": {}}
{"txid": "3f69105f-adb5-4d5e-af57-693c281e6823", "op": "BEGIN", "table": null, "payload": {}}
{"txid": "3f69105f-adb5-4d5e-af57-693c281e6823", "op": "INSERT", "table": "mvcc_t", "payload": {"values": ["1", "A"]}}
{"txid": "3f69105f-adb5-4d5e-af57-693c281e6823", "op": "COMMIT", "table": null, "payload": {}}
{"txid": "c6c6f05b-6408-4e38-b15b-89c3270ee5f4", "op": "BEGIN", "table": null, "payload": {}}
{"txid": "c6c6f05b-6408-4e38-b15b-89c3270ee5f4", "op": "INSERT", "table": "mvcc_t", "payload": {"values": ["2", "B"]}}
{"txid": "c6c6f05b-6408-4e38-b15b-89c3270ee5f4", "op": "COMMIT", "table": null, "payload": {}}
{"txid": "86b9c1d9-c2ad-4592-9263-d99b000745c4", "op": "BEGIN", "table": null, "payload": {}}
{"txid": "86b9c1d9-c2ad-4592-9263-d99b000745c4", "op": "INSERT", "table": "mvcc_t", "payload": {"values": ["5", "E"]}}
{"txid": "86b9c1d9-c2ad-4592-9263-d99b000745c4", "op": "ABORT", "table": null, "payload": {}}
{"txid": "6dcaa644-d92e-444f-95a9-be72a47c713e", "op": "BEGIN", "table": null, "payload": {}}
{"txid": "6dcaa644-d92e-444f-95a9-be72a47c713e", "op": "INSERT", "table": "mvcc_t", "payload": {"values": ["6", "F"]}}
{"txid": "6dcaa644-d92e-444f-95a9-be72a47c713e", "op": "COMMIT", "table": null, "payload": {}}
{"txid": "0ea3a3b4-d74a-4893-b7ac-4a2cbe9d4c9e", "op": "BEGIN", "table": null, "payload": {}}
{"txid": "0ea3a3b4-d74a-4893-b7ac-4a2cbe9d4c9e", "op": "ABORT", "table": null, "payload": {}}
{"txid": "9ab905f3-4a2d-4f9a-81bc-0f0a84d915b8", "op": "BEGIN", "table": null, "payload": {}}
{"txid": "9ab905f3-4a2d-4f9a-81bc-0f0a84d915b8", "op": "COMMIT", "table": null, "payload": {}}
{"txid": "f4060a30-6601-4d53-aa26-b3998e6a4b78", "op": "BEGIN", "table": null, "payload": {}}
{"txid": "f4060a30-6601-4d53-aa26-b3998e6a4b78", "op": "INSERT", "table": "exp_t", "payload": {"values": ["1", "A"]}}
{"txid": "f4060a30-6601-4d53-aa26-b3998e6a4b78", "op": "COMMIT", "table": null, "payload": {}}
{"txid": "df41a517-a1c8-47e7-aede-7cd9c2a193ff", "op": "BEGIN", "table": null, "payload": {}}
{"txid": "df41a517-a1c8-47e7-aede-7cd9c2a193ff", "op": "INSERT", "table": "exp_t", "payload": {"values": ["2", "B"]}}
{"txid": "df41a517-a1c8-47e7-aede-7cd9c2a193ff", "op": "COMMIT", "table": null, "payload": {}}
{"txid": "c4d47732-b8cd-4c63-9875-c981e22d2a09", "op": "BEGIN", "table": null, "payload": {}}
{"txid": "c4d47732-b8cd-4c63-9875-c981e22d2a09", "op": "INSERT", "table": "plan_t", "payload": {"values": ["1", "a"]}}
{"txid": "c4d47732-b8cd-4c63-9875-c981e22d2a09", "op": "COMMIT", "table": null, "payload": {}}
{"txid": "1a67faa5-6f42-438c-a45c-33f37904bcbc", "op": "BEGIN", "table": null, "payload": {}}
{"txid": "1a67faa5-6f42-438c-a45c-33f37904bcbc", "op": "INSERT", "table": "ta", "payload": {"values": ["1", "1", "a"]}}
{"txid": "1a67faa5-6f42-438c-a45c-33f37904bcbc", "op": "COMMIT", "table": null, "payload": {}}
{"txid": "97ff8651-1ed8-4f1c-b8ca-adf5147754aa", "op": "BEGIN", "table": null, "payload": {}}
{"txid": "97ff8651-1ed8-4f1c-b8ca-adf5147754aa", "op": "INSERT", "table": "ta", "payload": {"values": ["2", "1", "b"]}}
{"txid": "97ff8651-1ed8-4f1c-b8ca-adf5147754aa", "op": "COMMIT", "table": null, "payload": {}}
{"txid": "314b34f6-7034-4fa9-9cea-47312060c5ad", "op": "BEGIN", "table": null, "payload": {}}
{"txid": "314b34f6-7034-4fa9-9cea-47312060c5ad", "op": "INSERT", "table": "ta", "payload": {"values": ["3", "2", "c"]}}
{"txid": "314b34f6-7034-4fa9-9cea-47312060c5ad", "op": "COMMIT", "table": null, "payload": {}}
{"txid": "c9a8b8b5-4737-4dfb-a56b-a37900f9a457", "op": "BEGIN", "table": null, "payload": {}}
{"txid": "c9a8b8b5-4737-4dfb-a56b-a37900f9a457", "op": "INSERT", "table": "tb", "payload": {"values": ["1", "x"]}}
{"txid": "c9a8b8b5-4737-4dfb-a56b-a37900f9a457", "op": "COMMIT", "table": null, "payload": {}}
{"txid": "81b9cfa5-4043-4151-b85e-3719396576ee", "op": "BEGIN", "table": null, "payload": {}}
{"txid": "81b9cfa5-4043-4151-b85e-3719396576ee", "op": "INSERT", "table": "tb", "payload": {"values": ["2", "y"]}}
{"txid": "81b9cfa5-4043-4151-b85e-3719396576ee", "op": "COMMIT", "table": null, "payload": {}}
{"txid": "90d265dd-7fc9-4815-b91e-48afb93bbdcc", "op": "BEGIN", "table": null, "payload": {}}
{"txid": "90d265dd-7fc9-4815-b91e-48afb93bbdcc", "op": "INSERT", "table": "plan_t", "payload": {"values": ["1", "a"]}}
{"txid": "90d265dd-7fc9-4815-b91e-48afb93bbdcc", "op": "COMMIT", "table": null, "payload": {}}
{"txid": "444c15e5-5e28-43dc-91b5-88eb7a79fe5b", "op": "BEGIN", "table": null, "payload": {}}
{"txid": "444c15e5-5e28-43dc-91b5-88eb7a79fe5b", "op": "INSERT", "table": "exp_t_d9b9a473", "payload": {"values": ["1", "A"]}}
{"txid": "444c15e5-5e28-43dc-91b5-88eb7a79fe5b", "op": "COMMIT", "table": null, "payload": {}}
{"txid": "babeb49e-83f3-4f78-841d-0b8100b1ded5", "op": "BEGIN", "table": null, "payload": {}}
{"txid": "babeb49e-83f3-4f78-841d-0b8100b1ded5", "op": "INSERT", "table": "exp_t_d9b9a473", "payload": {"values": ["2", "B"]}}
{"txid": "babeb49e-83f3-4f78-841d-0b8100b1ded5", "op": "COMMIT", "table": null, "payload": {}}
{"txid": "85873f01-43c9-4fdd-9733-f836edd93014", "op": "BEGIN", "table": null, "payload": {}}
{"txid": "85873f01-43c9-4fdd-9733-f836edd93014", "op": "INSERT", "table": "plan_t_ee48f922", "payload": {"values": ["1", "a"]}}
{"txid": "85873f01-43c9-4fdd-9733-f836edd93014", "op": "COMMIT", "table": null, "payload": {}}
{"txid": "b9794377-dec9-42bb-aadd-5109b740f544", "op": "BEGIN", "table": null, "payload": {}}
{"txid": "b9794377-dec9-42bb-aadd-5109b740f544", "op": "INSERT", "table": "ta_8e52d2ba", "payload": {"values": ["1", "1", "a"]}}
{"txid": "b9794377-dec9-42bb-aadd-5109b740f544", "op": "COMMIT", "table": null, "payload": {}}
{"txid": "e78b33a3-5c82-40ee-aa0c-0565b434f949", "op": "BEGIN", "table": null, "payload": {}}
{"txid": "e78b33a3-5c82-40ee-aa0c-0565b434f949", "op": "INSERT", "table": "ta_8e52d2ba", "payload": {"values": ["2", "1", "b"]}}
{"txid": "e78b33a3-5c82-40ee-aa0c-0565b434f949", "op": "COMMIT", "table": null, "payload": {}}
{"txid": "f69fa77d-0e35-46c9-bc07-14c4c9fc4d84", "op": "BEGIN", "table": null, "payload": {}}
{"txid": "f69fa77d-0e35-46c9-bc07-14c4c9fc4d84", "op": "INSERT", "table": "ta_8e52d2ba", "payload": {"values": ["3", "2", "c"]}}
{"txid": "f69fa77d-0e35-46c9-bc07-14c4c9fc4d84", "op": "COMMIT", "table": null, "payload": {}}
{"txid": "bf94b7fb-bfa8-40bd-93a5-e87435d3f4d8", "op": "BEGIN", "table": null, "payload": {}}
{"txid": "bf94b7fb-bfa8-40bd-93a5-e87435d3f4d8", "op": "INSERT", "table": "tb_7d8f0352", "payload": {"values": ["1", "x"]}}
{"txid": "bf94b7fb-bfa8-40bd-93a5-e87435d3f4d8", "op": "COMMIT", "table": null, "payload": {}}
{"txid": "3300f47d-c575-4c77-b542-81e9d9d9bfc2", "op": "BEGIN", "table": null, "payload": {}}
{"txid": "3300f47d-c575-4c77-b542-81e9d9d9bfc2", "op": "INSERT", "table": "tb_7d8f0352", "payload": {"values": ["2", "y"]}}
{"txid": "3300f47d-c575-4c77-b542-81e9d9d9bfc2", "op": "COMMIT", "table": null, "payload": {}}
{"txid": "a8137052-5566-4498-8cbf-7594def695f3", "op": "BEGIN", "table": null, "payload": {}}
{"txid": "a8137052-5566-4498-8cbf-7594def695f3", "op": "INSERT", "table": "students", "payload": {"values": ["2", "Rosin", "19", "90.0"]}}
{"txid": "a8137052-5566-4498-8cbf-7594def695f3", "op": "COMMIT", "table": null, "payload": {}}
{"txid": "b7493193-0742-49be-8cea-026604436131", "op": "BEGIN", "table": null, "payload": {}}
{"txid": "b7493193-0742-49be-8cea-026604436131", "op": "UPDATE", "table": "students", "payload": {"set": [], "where": null}}
{"txid": "b7493193-0742-49be-8cea-026604436131", "op": "COMMIT", "table": null, "payload": {}}
{"txid": "23f319a6-8006-4649-8aae-d9a5da7ce319", "op": "BEGIN", "table": null, "payload": {}}
{"txid": "23f319a6-8006-4649-8aae-d9a5da7ce319", "op": "INSERT", "table": "students", "payload": {"values": ["1", "Rose", "17", "75.5"]}}
{"txid": "23f319a6-8006-4649-8aae-d9a5da7ce319", "op": "COMMIT", "table": null, "payload": {}}
{"txid": "725cd30c-07f6-4a72-bedb-6c4467473982", "op": "BEGIN", "table": null, "payload": {}}
{"txid": "725cd30c-07f6-4a72-bedb-6c4467473982", "op": "INSERT", "table": "students", "payload": {"values": ["2", "Ming", "23", "95.5"]}}
{"txid": "725cd30c-07f6-4a72-bedb-6c4467473982", "op": "COMMIT", "table": null, "payload": {}}
{"txid": "86c6bed8-e39f-4daf-a733-111f83fa0859", "op": "BEGIN", "table": null, "payload": {}}
{"txid": "86c6bed8-e39f-4daf-a733-111f83fa0859", "op": "INSERT", "table": "students", "payload": {"values": ["1", "Peter", "19", "80.5"]}}
{"txid": "86c6bed8-e39f-4daf-a733-111f83fa0859", "op": "COMMIT", "table": null, "payload": {}}
{"txid": "4f916f2c-e495-43c4-86f3-8d8cc768e2ac", "op": "BEGIN", "table": null, "payload": {}}
{"txid": "4f916f2c-e495-43c4-86f3-8d8cc768e2ac", "op": "INSERT", "table": "students", "payload": {"values": ["2", "Rohue", "19", "92.0"]}}
{"txid": "4f916f2c-e495-43c4-86f3-8d8cc768e2ac", "op": "COMMIT", "table": null, "payload": {}}
{"txid": "675df89c-37f8-4748-a108-d034c7ebf356", "op": "BEGIN", "table": null, "payload": {}}
{"txid": "675df89c-37f8-4748-a108-d034c7ebf356", "op": "INSERT", "table": "t_core", "payload": {"values": ["1", "A"]}}
{"txid": "675df89c-37f8-4748-a108-d034c7ebf356", "op": "COMMIT", "table": null, "payload": {}}
{"txid": "fab9869d-a999-4260-ad00-9a8e07e167c0", "op": "BEGIN", "table": null, "payload": {}}
{"txid": "fab9869d-a999-4260-ad00-9a8e07e167c0", "op": "INSERT", "table": "t_core_8eb9896f", "payload": {"values": ["1", "A"]}}
{"txid": "fab9869d-a999-4260-ad00-9a8e07e167c0", "op": "COMMIT", "table": null, "payload": {}}
{"txid": "1231dc7a-9c00-47c2-b0c7-c3b5e964a023", "op": "BEGIN", "table": null, "payload": {}}
{"txid": "1231dc7a-9c00-47c2-b0c7-c3b5e964a023", "op": "INSERT", "table": "t_core_79ab2ac4", "payload": {"values": ["1", "A"]}}
{"txid": "1231dc7a-9c00-47c2-b0c7-c3b5e964a023", "op": "COMMIT", "table": null, "payload": {}}
{"txid": "dc7c6a41-cb19-422c-9785-f2aff0b96da6", "op": "BEGIN", "table": null, "payload": {}}
{"txid": "dc7c6a41-cb19-422c-9785-f2aff0b96da6", "op": "INSERT", "table": "t_core_dd6de3e7", "payload": {"values": ["1", "A"]}}
{"txid": "dc7c6a41-cb19-422c-9785-f2aff0b96da6", "op": "COMMIT", "table": null, "payload": {}}
{"txid": "39435789-0ed5-4bee-be3c-49441de67427", "op": "BEGIN", "table": null, "payload": {}}
{"txid": "39435789-0ed5-4bee-be3c-49441de67427", "op": "INSERT", "table": "t_core_ca66fee0", "payload": {"values": ["1", "A"]}}
{"txid": "39435789-0ed5-4bee-be3c-49441de67427", "op": "COMMIT", "table": null, "payload": {}}
{"txid": "b71ff909-1fde-4e6c-9d67-3312e32a64b3", "op": "BEGIN", "table": null, "payload": {}}
{"txid": "b71ff909-1fde-4e6c-9d67-3312e32a64b3", "op": "INSERT", "table": "t_core_4587ced6", "payload": {"values": ["1", "A"]}}
{"txid": "b71ff909-1fde-4e6c-9d67-3312e32a64b3", "op": "COMMIT", "table": null, "payload": {}}
{"txid": "9edf5d96-b773-4be0-80b8-587f211e13db", "op": "BEGIN", "table": null, "payload": {}}
{"txid": "9edf5d96-b773-4be0-80b8-587f211e13db", "op": "INSERT", "table": "T_AB_0E0AFD23", "payload": {"values": ["1", "A"]}}
{"txid": "9edf5d96-b773-4be0-80b8-587f211e13db", "op": "COMMIT", "table": null, "payload": {}}
{"txid": "57de6e16-08f4-4311-97dc-4f72394ba36f", "op": "BEGIN", "table": null, "payload": {}}
{"txid": "57de6e16-08f4-4311-97dc-4f72394ba36f", "op": "INSERT", "table": "T_AB_0E0AFD23", "payload": {"values": ["2", "B"]}}
{"txid": "57de6e16-08f4-4311-97dc-4f72394ba36f", "op": "COMMIT", "table": null, "payload": {}}
{"txid": "abc092e6-5fe2-4c17-ba43-a82a7ee483c8", "op": "BEGIN", "table": null, "payload": {}}
{"txid": "abc092e6-5fe2-4c17-ba43-a82a7ee483c8", "op": "INSERT", "table": "T_VB_8A633C8B", "payload": {"values": ["1", "A"]}}
{"txid": "abc092e6-5fe2-4c17-ba43-a82a7ee483c8", "op": "COMMIT", "table": null, "payload": {}}
{"txid": "d9674eab-f021-4cdf-9d06-ba33cf99b724", "op": "BEGIN", "table": null, "payload": {}}
{"txid": "d9674eab-f021-4cdf-9d06-ba33cf99b724", "op": "INSERT", "table": "T_VB_8A633C8B", "payload": {"values": ["2", "B"]}}
{"txid": "d9674eab-f021-4cdf-9d06-ba33cf99b724", "op": "COMMIT", "table": null, "payload": {}}
{"txid": "73e92e85-d375-4517-ba97-109033f5fba6", "op": "BEGIN", "table": null, "payload": {}}
{"txid": "73e92e85-d375-4517-ba97-109033f5fba6", "op": "INSERT", "table": "T_MV_EC784B04", "payload": {"values": ["1", "A"]}}
{"txid": "73e92e85-d375-4517-ba97-109033f5fba6", "op": "COMMIT", "table": null, "payload": {}}
{"txid": "a5a68f63-ba06-44fb-a521-8fe33747e30e", "op": "BEGIN", "table": null, "payload": {}}
{"txid": "a5a68f63-ba06-44fb-a521-8fe33747e30e", "op": "INSERT", "table": "t_core_a72aba3c", "payload": {"values": ["1", "A"]}}
{"txid": "a5a68f63-ba06-44fb-a521-8fe33747e30e", "op": "COMMIT", "table": null, "payload": {}}
{"txid": "8cf92934-4329-4432-99d5-68602148d518", "op": "BEGIN", "table": null, "payload": {}}
{"txid": "8cf92934-4329-4432-99d5-68602148d518", "op": "INSERT", "table": "T_AB_DA3A5100", "payload": {"values": ["1", "A"]}}
{"txid": "8cf92934-4329-4432-99d5-68602148d518", "op": "COMMIT", "table": null, "payload": {}}
{"txid": "c50adfe6-7d7d-40d7-a7b8-597e046e8746", "op": "BEGIN", "table": null, "payload": {}}
{"txid": "c50adfe6-7d7d-40d7-a7b8-597e046e8746", "op": "INSERT", "table": "T_AB_DA3A5100", "payload": {"values": ["2", "B"]}}
{"txid": "c50adfe6-7d7d-40d7-a7b8-597e046e8746", "op": "COMMIT", "table": null, "payload": {}}
{"txid": "21402726-a155-4126-a849-60dff7f15068", "op": "BEGIN", "table": null, "payload": {}}
{"txid": "21402726-a155-4126-a849-60dff7f15068", "op": "INSERT", "table": "T_VB_3B0B575A", "payload": {"values": ["1", "A"]}}
{"txid": "21402726-a155-4126-a849-60dff7f15068", "op": "COMMIT", "table": null, "payload": {}}
{"txid": "eb9b03c7-278e-4b61-bb05-b80ab7438857", "op": "BEGIN", "table": null, "payload": {}}
{"txid": "eb9b03c7-278e-4b61-bb05-b80ab7438857", "op": "INSERT", "table": "T_VB_3B0B575A", "payload": {"values": ["2", "B"]}}
{"txid": "eb9b03c7-278e-4b61-bb05-b80ab7438857", "op": "COMMIT", "table": null, "payload": {}}
{"txid": "c785c9b7-d635-4cb5-a84a-87ddb573489b", "op": "BEGIN", "table": null, "payload": {}}
{"txid": "c785c9b7-d635-4cb5-a84a-87ddb573489b", "op": "INSERT", "table": "T_MV_768CFCB9", "payload": {"values": ["1", "A"]}}
{"txid": "c785c9b7-d635-4cb5-a84a-87ddb573489b", "op": "COMMIT", "table": null, "payload": {}}
{"txid": "76ad1385-e1d2-4696-912d-be20228ef461", "op": "BEGIN", "table": null, "payload": {}}
{"txid": "76ad1385-e1d2-4696-912d-be20228ef461", "op": "INSERT", "table": "T_AB_E39B9530", "payload": {"values": ["1", "A"]}}
{"txid": "76ad1385-e1d2-4696-912d-be20228ef461", "op": "COMMIT", "table": null, "payload": {}}
{"txid": "f55681ea-ca35-4603-b36a-6c10d5e938ee", "op": "BEGIN", "table": null, "payload": {}}
{"txid": "f55681ea-ca35-4603-b36a-6c10d5e938ee", "op": "INSERT", "table": "T_AB_E39B9530", "payload": {"values": ["2", "B"]}}
{"txid": "f55681ea-ca35-4603-b36a-6c10d5e938ee", "op": "COMMIT", "table": null, "payload": {}}
{"txid": "177ad411-d11e-47dd-8f4b-f8efb5a1d0f9", "op": "BEGIN", "table": null, "payload": {}}
{"txid": "177ad411-d11e-47dd-8f4b-f8efb5a1d0f9", "op": "INSERT", "table": "T_VB_8B724D7E", "payload": {"values": ["1", "A"]}}
{"txid": "177ad411-d11e-47dd-8f4b-f8efb5a1d0f9", "op": "COMMIT", "table": null, "payload": {}}
{"txid": "cf032b16-3a03-424d-a8f5-cabe2b60a751", "op": "BEGIN", "table": null, "payload": {}}
{"txid": "cf032b16-3a03-424d-a8f5-cabe2b60a751", "op": "INSERT", "table": "T_VB_8B724D7E", "payload": {"values": ["2", "B"]}}
{"txid": "cf032b16-3a03-424d-a8f5-cabe2b60a751", "op": "COMMIT", "table": null, "payload": {}}
{"txid": "9854fb72-77e1-4c6a-a753-076588ffaee9", "op": "BEGIN", "table": null, "payload": {}}
{"txid": "9854fb72-77e1-4c6a-a753-076588ffaee9", "op": "INSERT", "table": "T_MV_9682B42A", "payload": {"values": ["1", "A"]}}
{"txid": "9854fb72-77e1-4c6a-a753-076588ffaee9", "op": "COMMIT", "table": null, "payload": {}}
{"txid": "146ab7e7-64b4-4565-82dd-e20726d99579", "op": "BEGIN", "table": null, "payload": {}}
{"txid": "146ab7e7-64b4-4565-82dd-e20726d99579", "op": "INSERT", "table": "__MAT_MV_MV_8A23EC75", "payload": {"values": ["1", "A"]}}
{"txid": "146ab7e7-64b4-4565-82dd-e20726d99579", "op": "COMMIT", "table": null, "payload": {}}
{"txid": "af976b98-dd25-4513-8798-80a1bdafd58b", "op": "BEGIN", "table": null, "payload": {}}
{"txid": "af976b98-dd25-4513-8798-80a1bdafd58b", "op": "INSERT", "table": "__MAT_MV_MV_8A23EC75", "payload": {"values": ["1", "A"]}}
{"txid": "af976b98-dd25-4513-8798-80a1bdafd58b", "op": "COMMIT", "table": null, "payload": {}}
{"txid": "677b6768-d743-4111-9eef-78ced462141e", "op": "BEGIN", "table": null, "payload": {}}
{"txid": "677b6768-d743-4111-9eef-78ced462141e", "op": "INSERT", "table": "T_IO_59ABBCBB", "payload": {"values": ["1", "A"]}}
{"txid": "677b6768-d743-4111-9eef-78ced462141e", "op": "COMMIT", "table": null, "payload": {}}
{"txid": "ca914f1c-87bd-4618-8271-206fce2f4020", "op": "BEGIN", "table": null, "payload": {}}
{"txid": "ca914f1c-87bd-4618-8271-206fce2f4020", "op": "INSERT", "table": "t_core_de1f475f", "payload": {"values": ["1", "A"]}}
{"txid": "ca914f1c-87bd-4618-8271-206fce2f4020", "op": "COMMIT", "table": null, "payload": {}}
{"txid": "50dc6eee-354d-4e78-afed-e3995c9a4beb", "op": "BEGIN", "table": null, "payload": {}}
{"txid": "50dc6eee-354d-4e78-afed-e3995c9a4beb", "op": "INSERT", "table": "T_AB_C00E494B", "payload": {"values": ["1", "A"]}}
{"txid": "50dc6eee-354d-4e78-afed-e3995c9a4beb", "op": "COMMIT", "table": null, "payload": {}}
{"txid": "a5c6f74b-8924-43c6-bdcb-35b462d847ca", "op": "BEGIN", "table": null, "payload": {}}
{"txid": "a5c6f74b-8924-43c6-bdcb-35b462d847ca", "op": "INSERT", "table": "T_AB_C00E494B", "payload": {"values": ["2", "B"]}}
{"txid": "a5c6f74b-8924-43c6-bdcb-35b462d847ca", "op": "COMMIT", "table": null, "payload": {}}
{"txid": "63c2cda3-0e63-42a2-a50c-66e985577fb8", "op": "BEGIN", "table": null, "payload": {}}
{"txid": "63c2cda3-0e63-42a2-a50c-66e985577fb8", "op": "INSERT", "table": "T_VB_E9EBC01D", "payload": {"values": ["1", "A"]}}
{"txid": "63c2cda3-0e63-42a2-a50c-66e985577fb8", "op": "COMMIT", "table": null, "payload": {}}
{"txid": "88c04cb4-cca4-4b75-8f72-e1a6d2b09aeb", "op": "BEGIN", "table": null, "payload": {}}
{"txid": "88c04cb4-cca4-4b75-8f72-e1a6d2b09aeb", "op": "INSERT", "table": "T_VB_E9EBC01D", "payload": {"values": ["2", "B"]}}
{"txid": "88c04cb4-cca4-4b75-8f72-e1a6d2b09aeb", "op": "COMMIT", "table": null, "payload": {}}
{"txid": "5199226e-2e19-4ba5-9a31-8c0d7705b044", "op": "BEGIN", "table": null, "payload": {}}
{"txid": "5199226e-2e19-4ba5-9a31-8c0d7705b044", "op": "INSERT", "table": "T_MV_95E81CB5", "payload": {"values": ["1", "A"]}}
{"txid": "5199226e-2e19-4ba5-9a31-8c0d7705b044", "op": "COMMIT", "table": null, "payload": {}}
{"txid": "c4ad2f97-0579-4470-8e7e-26a489cdcd19", "op": "BEGIN", "table": null, "payload": {}}
{"txid": "c4ad2f97-0579-4470-8e7e-26a489cdcd19", "op": "INSERT", "table": "__MAT_MV_MV_CC94AD09", "payload": {"values": ["1", "A"]}}
{"txid": "c4ad2f97-0579-4470-8e7e-26a489cdcd19", "op": "COMMIT", "table": null, "payload": {}}
{"txid": "e0bd683b-3f77-4f91-a2f0-a4c5148fd3bd", "op": "BEGIN", "table": null, "payload": {}}
{"txid": "e0bd683b-3f77-4f91-a2f0-a4c5148fd3bd", "op": "INSERT", "table": "__MAT_MV_MV_CC94AD09", "payload": {"values": ["1", "A"]}}
{"txid": "e0bd683b-3f77-4f91-a2f0-a4c5148fd3bd", "op": "COMMIT", "table": null, "payload": {}}
{"txid": "2717171a-2426-405c-affc-1636f765f5a7", "op": "BEGIN", "table": null, "payload": {}}
{"txid": "2717171a-2426-405c-affc-1636f765f5a7", "op": "INSERT", "table": "T_PR_67BF5BB9", "payload": {"values": ["1", "A"]}}
{"txid": "2717171a-2426-405c-affc-1636f765f5a7", "op": "COMMIT", "table": null, "payload": {}}
{"txid": "3a070d81-e0cc-4567-b4b6-8dccda29fdf7", "op": "BEGIN", "table": null, "payload": {}}
{"txid": "3a070d81-e0cc-4567-b4b6-8dccda29fdf7", "op": "INSERT", "table": "T_IO_69814185", "payload": {"values": ["1", "A"]}}
{"txid": "3a070d81-e0cc-4567-b4b6-8dccda29fdf7", "op": "COMMIT", "table": null, "payload": {}}
{"txid": "0568c91d-89fa-43bd-a4e1-443f1c49fc55", "op": "BEGIN", "table": null, "payload": {}}
{"txid": "0568c91d-89fa-43bd-a4e1-443f1c49fc55", "op": "INSERT", "table": "t_core_918e115a", "payload": {"values": ["1", "A"]}}
{"txid": "0568c91d-89fa-43bd-a4e1-443f1c49fc55", "op": "COMMIT", "table": null, "payload": {}}
{"txid": "f59b2e93-22f6-43da-b28b-354cec003b4b", "op": "BEGIN", "table": null, "payload": {}}
{"txid": "f59b2e93-22f6-43da-b28b-354cec003b4b", "op": "INSERT", "table": "T_AB_927A6FE9", "payload": {"values": ["1", "A"]}}
{"txid": "f59b2e93-22f6-43da-b28b-354cec003b4b", "op": "COMMIT", "table": null, "payload": {}}
{"txid": "1eef3de4-c36e-4b43-b792-69ea52e7740c", "op": "BEGIN", "table": null, "payload": {}}
{"txid": "1eef3de4-c36e-4b43-b792-69ea52e7740c", "op": "INSERT", "table": "T_AB_927A6FE9", "payload": {"values": ["2", "B"]}}
{"txid": "1eef3de4-c36e-4b43-b792-69ea52e7740c", "op": "COMMIT", "table": null, "payload": {}}
{"txid": "26cbfd77-86ed-4a05-b9a2-170eaa30f33a", "op": "BEGIN", "table": null, "payload": {}}
{"txid": "26cbfd77-86ed-4a05-b9a2-170eaa30f33a", "op": "INSERT", "table": "T_VB_F9430BBD", "payload": {"values": ["1", "A"]}}
{"txid": "26cbfd77-86ed-4a05-b9a2-170eaa30f33a", "op": "COMMIT", "table": null, "payload": {}}
{"txid": "89f627b2-c3f4-48dd-8c1c-d871fc619394", "op": "BEGIN", "table": null, "payload": {}}
{"txid": "89f627b2-c3f4-48dd-8c1c-d871fc619394", "op": "INSERT", "table": "T_VB_F9430BBD", "payload": {"values": ["2", "B"]}}
{"txid": "89f627b2-c3f4-48dd-8c1c-d871fc619394", "op": "COMMIT", "table": null, "payload": {}}
{"txid": "685447cf-0a51-4999-8740-43189235b873", "op": "BEGIN", "table": null, "payload": {}}
{"txid": "685447cf-0a51-4999-8740-43189235b873", "op": "INSERT", "table": "T_MV_AAE686BA", "payload": {"values": ["1", "A"]}}
{"txid": "685447cf-0a51-4999-8740-43189235b873", "op": "COMMIT", "table": null, "payload": {}}
{"txid": "22f7115e-bbc4-4044-bc1c-95f44d640d5c", "op": "BEGIN", "table": null, "payload": {}}
{"txid": "22f7115e-bbc4-4044-bc1c-95f44d640d5c", "op": "INSERT", "table": "__MAT_MV_MV_5145AD6B", "payload": {"values": ["1", "A"]}}
{"txid": "22f7115e-bbc4-4044-bc1c-95f44d640d5c", "op": "COMMIT", "table": null, "payload": {}}
{"txid": "291acd14-740e-42c6-9268-7168fc391b24", "op": "BEGIN", "table": null, "payload": {}}
{"txid": "291acd14-740e-42c6-9268-7168fc391b24", "op": "INSERT", "table": "__MAT_MV_MV_5145AD6B", "payload": {"values": ["1", "A"]}}
{"txid": "291acd14-740e-42c6-9268-7168fc391b24", "op": "COMMIT", "table": null, "payload": {}}
{"txid": "086a82fa-f5e8-4ffd-8558-928867ac28d7", "op": "BEGIN", "table": null, "payload": {}}
{"txid": "086a82fa-f5e8-4ffd-8558-928867ac28d7", "op": "INSERT", "table": "T_PR_5880D653", "payload": {"values": ["1", "A"]}}
{"txid": "086a82fa-f5e8-4ffd-8558-928867ac28d7", "op": "COMMIT", "table": null, "payload": {}}
{"txid": "9c6aac7c-3cf3-4838-a77f-894494a4b187", "op": "BEGIN", "table": null, "payload": {}}
{"txid": "9c6aac7c-3cf3-4838-a77f-894494a4b187", "op": "INSERT", "table": "T_IO_13CDFB56", "payload": {"values": ["1", "A"]}}
{"txid": "9c6aac7c-3cf3-4838-a77f-894494a4b187", "op": "COMMIT", "table": null, "payload": {}}
{"txid": "c138df7e-d176-4dbd-ba36-40fbb9cb7da6", "op": "BEGIN", "table": null, "payload": {}}
{"txid": "c138df7e-d176-4dbd-ba36-40fbb9cb7da6", "op": "INSERT", "table": "t_core_82f40e96", "payload": {"values": ["1", "A"]}}
{"txid": "c138df7e-d176-4dbd-ba36-40fbb9cb7da6", "op": "COMMIT", "table": null, "payload": {}}
{"txid": "0139b39a-b8e9-4351-b222-91a8b7809e02", "op": "BEGIN", "table": null, "payload": {}}
{"txid": "0139b39a-b8e9-4351-b222-91a8b7809e02", "op": "INSERT", "table": "T_AB_380170B6", "payload": {"values": ["1", "A"]}}
{"txid": "0139b39a-b8e9-4351-b222-91a8b7809e02", "op": "COMMIT", "table": null, "payload": {}}
{"txid": "8d449628-8db6-41b7-8421-6815ed40bd63", "op": "BEGIN", "table": null, "payload": {}}
{"txid": "8d449628-8db6-41b7-8421-6815ed40bd63", "op": "INSERT", "table": "T_AB_380170B6", "payload": {"values": ["2", "B"]}}
{"txid": "8d449628-8db6-41b7-8421-6815ed40bd63", "op": "COMMIT", "table": null, "payload": {}}
{"txid": "62a70097-8de8-4f5b-b485-0ef4b448b2ca", "op": "BEGIN", "table": null, "payload": {}}
{"txid": "62a70097-8de8-4f5b-b485-0ef4b448b2ca", "op": "INSERT", "table": "T_VB_6BEA521B", "payload": {"values": ["1", "A"]}}
{"txid": "62a70097-8de8-4f5b-b485-0ef4b448b2ca", "op": "COMMIT", "table": null, "payload": {}}
{"txid": "8908dc7d-02d4-44a4-84ae-b19aef458099", "op": "BEGIN", "table": null, "payload": {}}
{"txid": "8908dc7d-02d4-44a4-84ae-b19aef458099", "op": "INSERT", "table": "T_VB_6BEA521B", "payload": {"values": ["2", "B"]}}
{"txid": "8908dc7d-02d4-44a4-84ae-b19aef458099", "op": "COMMIT", "table": null, "payload": {}}
{"txid": "a23f4246-4f73-4234-bdcc-55aff6241ed1", "op": "BEGIN", "table": null, "payload": {}}
{"txid": "a23f4246-4f73-4234-bdcc-55aff6241ed1", "op": "INSERT", "table": "T_MV_E77A667A", "payload": {"values": ["1", "A"]}}
{"txid": "a23f4246-4f73-4234-bdcc-55aff6241ed1", "op": "COMMIT", "table": null, "payload": {}}
{"txid": "6c0e0d18-88fc-40f9-910c-064804071603", "op": "BEGIN", "table": null, "payload": {}}
{"txid": "6c0e0d18-88fc-40f9-910c-064804071603", "op": "INSERT", "table": "__MAT_MV_MV_368F511C", "payload": {"values": ["1", "A"]}}
{"txid": "6c0e0d18-88fc-40f9-910c-064804071603", "op": "COMMIT", "table": null, "payload": {}}
{"txid": "6821971b-6621-409d-9a10-46e11c6c9862", "op": "BEGIN", "table": null, "payload": {}}
{"txid": "6821971b-6621-409d-9a10-46e11c6c9862", "op": "INSERT", "table": "__MAT_MV_MV_368F511C", "payload": {"values": ["1", "A"]}}
{"txid": "6821971b-6621-409d-9a10-46e11c6c9862", "op": "COMMIT", "table": null, "payload": {}}
{"txid": "ae406888-a3e7-4a3a-b597-d2263e9b40c7", "op": "BEGIN", "table": null, "payload": {}}
{"txid": "ae406888-a3e7-4a3a-b597-d2263e9b40c7", "op": "INSERT", "table": "T_PR_B14107F7", "payload": {"values": ["1", "A"]}}
{"txid": "ae406888-a3e7-4a3a-b597-d2263e9b40c7", "op": "COMMIT", "table": null, "payload": {}}
{"txid": "6a3057c6-c67b-489c-8a23-714a743d85b6", "op": "BEGIN", "table": null, "payload": {}}
{"txid": "6a3057c6-c67b-489c-8a23-714a743d85b6", "op": "INSERT", "table": "T_IO_A29B73EF", "payload": {"values": ["1", "A"]}}
{"txid": "6a3057c6-c67b-489c-8a23-714a743d85b6", "op": "COMMIT", "table": null, "payload": {}}
{"txid": "e417db80-9214-40d9-8972-ab862b4f9593", "op": "BEGIN", "table": null, "payload": {}}
{"txid": "e417db80-9214-40d9-8972-ab862b4f9593", "op": "INSERT", "table": "T_IO2_FAA0A071", "payload": {"values": ["1", "A"]}}
{"txid": "e417db80-9214-40d9-8972-ab862b4f9593", "op": "COMMIT", "table": null, "payload": {}}
{"txid": "9197df9f-d02f-498d-a9ae-367bf9b81550", "op": "BEGIN", "table": null, "payload": {}}
{"txid": "9197df9f-d02f-498d-a9ae-367bf9b81550", "op": "INSERT", "table": "t_core_38a67b6e", "payload": {"values": ["1", "A"]}}
{"txid": "9197df9f-d02f-498d-a9ae-367bf9b81550", "op": "COMMIT", "table": null, "payload": {}}
{"txid": "c11ced4a-b50a-49be-b0d6-eeca7bcd6886", "op": "BEGIN", "table": null, "payload": {}}
{"txid": "c11ced4a-b50a-49be-b0d6-eeca7bcd6886", "op": "INSERT", "table": "T_AB_DA175A00", "payload": {"values": ["1", "A"]}}
{"txid": "c11ced4a-b50a-49be-b0d6-eeca7bcd6886", "op": "COMMIT", "table": null, "payload": {}}
{"txid": "11f6de0c-db2a-47d3-a084-ea8b806d0a8a", "op": "BEGIN", "table": null, "payload": {}}
{"txid": "11f6de0c-db2a-47d3-a084-ea8b806d0a8a", "op": "INSERT", "table": "T_AB_DA175A00", "payload": {"values": ["2", "B"]}}
{"txid": "11f6de0c-db2a-47d3-a084-ea8b806d0a8a", "op": "COMMIT", "table": null, "payload": {}}
{"txid": "299c40f6-476d-45f8-a633-a3c8d182eba9", "op": "BEGIN", "table": null, "payload": {}}
{"txid": "299c40f6-476d-45f8-a633-a3c8d182eba9", "op": "INSERT", "table": "T_VB_F5C59C31", "payload": {"values": ["1", "A"]}}
{"txid": "299c40f6-476d-45f8-a633-a3c8d182eba9", "op": "COMMIT", "table": null, "payload": {}}
{"txid": "eab906ee-80ae-4ced-943c-4bd5661b313b", "op": "BEGIN", "table": null, "payload": {}}
{"txid": "eab906ee-80ae-4ced-943c-4bd5661b313b", "op": "INSERT", "table": "T_VB_F5C59C31", "payload": {"values": ["2", "B"]}}
{"txid": "eab906ee-80ae-4ced-943c-4bd5661b313b", "op": "COMMIT", "table": null, "payload": {}}
{"txid": "51f83678-e448-47cc-a126-f9bc0517c1d6", "op": "BEGIN", "table": null, "payload": {}}
{"txid": "51f83678-e448-47cc-a126-f9bc0517c1d6", "op": "INSERT", "table": "T_MV_7607F708", "payload": {"values": ["1", "A"]}}
{"txid": "51f83678-e448-47cc-a126-f9bc0517c1d6", "op": "COMMIT", "table": null, "payload": {}}
{"txid": "c8e2082c-c8ef-443e-8fe4-a8b31d3d3861", "op": "BEGIN", "table": null, "payload": {}}
{"txid": "c8e2082c-c8ef-443e-8fe4-a8b31d3d3861", "op": "INSERT", "table": "__MAT_MV_MV_E330DA32", "payload": {"values": ["1", "A"]}}
{"txid": "c8e2082c-c8ef-443e-8fe4-a8b31d3d3861", "op": "COMMIT", "table": null, "payload": {}}
{"txid": "719b1e63-75a4-4200-8936-bf752b99f595", "op": "BEGIN", "table": null, "payload": {}}
{"txid": "719b1e63-75a4-4200-8936-bf752b99f595", "op": "INSERT", "table": "__MAT_MV_MV_E330DA32", "payload": {"values": ["1", "A"]}}
{"txid": "719b1e63-75a4-4200-8936-bf752b99f595", "op": "COMMIT", "table": null, "payload": {}}
{"txid": "14c18ded-d661-4416-9990-09b3dfdb1a5a", "op": "BEGIN", "table": null, "payload": {}}
{"txid": "14c18ded-d661-4416-9990-09b3dfdb1a5a", "op": "INSERT", "table": "T_PR_9A690D3D", "payload": {"values": ["1", "A"]}}
{"txid": "14c18ded-d661-4416-9990-09b3dfdb1a5a", "op": "COMMIT", "table": null, "payload": {}}
{"txid": "db5792e5-210d-4d4e-a31d-e34d1b95174e", "op": "BEGIN", "table": null, "payload": {}}
{"txid": "db5792e5-210d-4d4e-a31d-e34d1b95174e", "op": "INSERT", "table": "T_IO_71ED1E92", "payload": {"values": ["1", "A"]}}
{"txid": "db5792e5-210d-4d4e-a31d-e34d1b95174e", "op": "COMMIT", "table": null, "payload": {}}
{"txid": "f98bc85d-21da-47e6-9ab5-cb1957e0ab61", "op": "BEGIN", "table": null, "payload": {}}
{"txid": "f98bc85d-21da-47e6-9ab5-cb1957e0ab61", "op": "INSERT", "table": "T_IO2_B4D6FD5F", "payload": {"values": ["1", "A"]}}
{"txid": "f98bc85d-21da-47e6-9ab5-cb1957e0ab61", "op": "COMMIT", "table": null, "payload": {}}
{"txid": "ab15a04b-7938-436c-bb17-b5ac5fd4b694", "op": "BEGIN", "table": null, "payload": {}}
{"txid": "ab15a04b-7938-436c-bb17-b5ac5fd4b694", "op": "INSERT", "table": "t_core_b47b9454", "payload": {"values": ["1", "A"]}}
{"txid": "ab15a04b-7938-436c-bb17-b5ac5fd4b694", "op": "COMMIT", "table": null, "payload": {}}
{"txid": "82c02be6-49b7-47e9-af68-3424460bbc15", "op": "BEGIN", "table": null, "payload": {}}
{"txid": "82c02be6-49b7-47e9-af68-3424460bbc15", "op": "INSERT", "table": "STUDENTS", "payload": {"values": ["1", "Alice", "20", "85.5"]}}
{"txid": "82c02be6-49b7-47e9-af68-3424460bbc15", "op": "COMMIT", "table": null, "payload": {}}
